B13_GPIO0 PWRGD;
B13_GPIO1 PWRBRK_N;
B13_GPIO2 PCIE_PERST_N;
B13_GPIO3 JTAG_TRSTN;
B13_GPIO4 JTAG_TMS;
B13_GPIO5 I3C_M1_SCL;
B13_GPIO6 I2C_M4_SCL;
B13_GPIO7 I2C_M3_SDA;
B13_GPIO8 I2C_M3_SCL;
B13_GPIO9 I2C_M2_SDA;
B13_GPIO10 I2C_M2_SCL;
B13_GPIO11 I2C_M1_SDA;
B13_GPIO12 I2C_M1_SCL;
B13_GPIO13 I2C_M0_SDA;
B13_GPIO14 I2C_M0_SCL;
B13_GPIO15 HSP_HALT_BOOT;
B13_GPIO16 GPIOC_9;
B13_GPIO17 GPIOC_8;
B13_GPIO18 GPIOC_7;
B13_GPIO19 GPIOC_6;
B13_GPIO20 GPIOC_5;
B13_GPIO21 GPIOC_4;
B13_GPIO22 GPIOC_3;
B13_GPIO23 GPIOC_12;
B13_GPIO24 GPIOC_11;
B13_GPIO25 GPIOC_10;
B13_GPIO26 GPIOB_41;
B13_GPIO27 GPIOB_40;
B13_GPIO28 GPIOB_39;
B13_GPIO29 GPIOB_36;
B13_GPIO30 GPIOB_3;
B13_GPIO31 GPIOB_2;
B13_GPIO32 GPIOB_1;
B13_GPIO33 GPIOB_0;
B13_GPIO34 GPIOA_9;
B13_GPIO35 GPIOA_8;
B13_GPIO36 GPIOA_7;
B13_GPIO37 GPIOA_6;
B13_GPIO38 GPIOA_5;
B13_GPIO39 GPIOA_4;
B13_GPIO40 GPIOA_3;
B13_GPIO41 GPIOA_2;
B13_GPIO42 CHIP_RST_N;
B13_GPIO43 BMC_HSP_RECOVERY_REQ;
B13_GPIO44 JTAG_TDI;
B13_GPIO45 JTAG_TCK;
B13_GPIO46 A0_BYPASS;
B13_GPIO47 GPIOB_38;
B33_GPIO48 GPIOB_37;
B33_GPIO49 GPIOA_1;
B33_GPIO50 GPIOA_0;
B33_GPIO51 RETEST;
B33_GPIO52 TEST;
B33_GPIO53 VENG_VRHOT_N;
B33_GPIO54 VENG_OCP_WARN_N;
B34_GPIO126 JTAG_TDO;
B34_GPIO127 HSP_BOOT_COMPLETE;

VOUT1 VOSC;
IOUT1 VOSC_I;
VOUT2 HVIO1P2-VTHERM1P2;
IOUT2 HVIO1P2-VTHERM1P2_I;
VOUT3 VPCI1P2;
IOUT3 VPCI1P2_I;
VOUT4 VPLLHV1P2;
IOUT4 VPLLHV1P2_I;
VOUT5 VHBM_1P8;
IOUT5 VHBM_1P8_I;
VOUT6 VHBM_0P4;
IOUT6 VHBM_0P4_I;
VOUT7 VPAM4T;
IOUT7 VPAM4T_I;
VOUT8 VTHERM;
IOUT8 VTHERM_I;
VOUT9 VRAM;
IOUT9 VRAM_I;
VOUT10 VHBM_1p1;
IOUT10 VHBM_1p1_I;
VOUT11 VPAM4IO;
IOUT11 VPAM4IO_I;
VOUT13 VHBMD;
IOUT13 VHBMD_I;
VOUT14 VPAM4A-VPAM4D;
IOUT14 VPAM4A-VPAM4D_I;
VOUT15 VPCI0P75;
IOUT15 VPCI0P75_I;

ADC_0 DIODE_TEMP;
ADC_1 DIODE1_TEMP;
ADC_2 DIODE2_TEMP;
ADC_3 DIODE3_TEMP;
ADC_4 DIODE4_TEMP;
ADC_5 DIODE5_TEMP;
ADC_6 INTCRACKMON_0;
ADC_7 DIECRACKMON_1;
ADC_8 DIECRACKMON_0;
ADC_9 INTCRACKMON_1;
ADC_10 VENG_I;
ADC_11 VCONST_I;

XADC_0 VENG_S;
XADC_1 VCONST_S;
XADC_2 CASE_TEMP;